step   1 | rollout_acc=0.438 adv_std=0.803 KL=+0.0000 loss=-0.0760 lr=4.00e-06
step  10 | rollout_acc=0.562 adv_std=0.508 KL=-0.1575 loss=-0.0500 lr=3.99e-06
step  20 | rollout_acc=0.781 adv_std=0.803 KL=-0.1876 loss=-0.0852 lr=3.96e-06
   >> held-out greedy acc @step25 = 0.500
step  30 | rollout_acc=0.625 adv_std=0.718 KL=-0.2424 loss=-0.0560 lr=3.91e-06
step  40 | rollout_acc=0.500 adv_std=0.000 KL=-0.2722 loss=0.0068 lr=3.84e-06
step  50 | rollout_acc=0.625 adv_std=0.508 KL=-0.2847 loss=0.0178 lr=3.76e-06
   >> held-out greedy acc @step50 = 0.417
step  60 | rollout_acc=0.188 adv_std=0.622 KL=-0.4350 loss=-0.0569 lr=3.66e-06
step  70 | rollout_acc=0.375 adv_std=0.508 KL=-0.3171 loss=-0.0255 lr=3.54e-06
   >> held-out greedy acc @step75 = 0.533
step  80 | rollout_acc=0.625 adv_std=0.508 KL=-0.3500 loss=-0.0159 lr=3.40e-06
step  90 | rollout_acc=0.625 adv_std=0.622 KL=-0.2187 loss=-0.1118 lr=3.26e-06
step 100 | rollout_acc=0.438 adv_std=0.622 KL=-0.2774 loss=-0.0147 lr=3.10e-06
   >> held-out greedy acc @step100 = 0.483
step 110 | rollout_acc=0.500 adv_std=0.803 KL=-0.1891 loss=0.1121 lr=2.93e-06
step 120 | rollout_acc=0.750 adv_std=0.622 KL=+0.0063 loss=-0.0648 lr=2.76e-06
   >> held-out greedy acc @step125 = 0.633
step 130 | rollout_acc=0.438 adv_std=0.508 KL=-0.1222 loss=-0.0397 lr=2.57e-06
step 140 | rollout_acc=0.500 adv_std=0.622 KL=-0.0934 loss=0.0689 lr=2.39e-06
step 150 | rollout_acc=0.625 adv_std=0.000 KL=-0.1959 loss=0.0046 lr=2.20e-06
   >> held-out greedy acc @step150 = 0.667
step 160 | rollout_acc=0.688 adv_std=0.622 KL=-0.1464 loss=-0.1130 lr=2.01e-06
step 170 | rollout_acc=0.500 adv_std=0.718 KL=-0.1035 loss=-0.0426 lr=1.83e-06
   >> held-out greedy acc @step175 = 0.633
step 180 | rollout_acc=0.750 adv_std=0.508 KL=-0.0382 loss=-0.0609 lr=1.64e-06
step 190 | rollout_acc=0.500 adv_std=0.508 KL=-0.1199 loss=0.0099 lr=1.47e-06
step 200 | rollout_acc=0.594 adv_std=0.803 KL=-0.1122 loss=-0.1051 lr=1.30e-06
   >> held-out greedy acc @step200 = 0.700
step 210 | rollout_acc=0.625 adv_std=0.718 KL=-0.1331 loss=0.0293 lr=1.14e-06
step 220 | rollout_acc=0.594 adv_std=0.508 KL=-0.0684 loss=-0.0416 lr=9.96e-07
   >> held-out greedy acc @step225 = 0.800
step 230 | rollout_acc=0.656 adv_std=0.803 KL=-0.0741 loss=-0.1127 lr=8.62e-07
step 240 | rollout_acc=0.531 adv_std=0.880 KL=-0.0718 loss=-0.1006 lr=7.44e-07
step 250 | rollout_acc=0.688 adv_std=0.718 KL=-0.1338 loss=-0.0299 lr=6.41e-07
   >> held-out greedy acc @step250 = 0.800
step 260 | rollout_acc=0.469 adv_std=0.803 KL=-0.0657 loss=-0.0814 lr=5.56e-07
step 270 | rollout_acc=0.656 adv_std=0.508 KL=-0.0380 loss=-0.0519 lr=4.88e-07
   >> held-out greedy acc @step275 = 0.867
step 280 | rollout_acc=0.844 adv_std=0.718 KL=-0.0669 loss=-0.0940 lr=4.39e-07
step 290 | rollout_acc=0.594 adv_std=0.718 KL=-0.0376 loss=-0.1155 lr=4.10e-07
step 300 | rollout_acc=0.812 adv_std=0.803 KL=-0.0224 loss=-0.1333 lr=4.00e-07
   >> held-out greedy acc @step300 = 0.800
SAVED arith_grpo_768.pth
